// Jest Snapshot v1, https://goo.gl/fbAQLP

exports[`renders Dashboard componenent correctly 1`] = `
<Context.Provider
  value={null}
>
  <Dashboard
    dashboardAttempt={[Function]}
    store={
      Object {
        "clearActions": [Function],
        "dispatch": [Function],
        "getActions": [Function],
        "getState": [Function],
        "replaceReducer": [Function],
        "subscribe": [Function],
      }
    }
    userdata={null}
  />
</Context.Provider>
`;
